---
http_interactions:
- request:
    method: post
    uri: https://mq-aws-eu-west-1.iron.io/1/projects/<IRON_MQ_PROJECT_ID>/queues/<IRON_MQ_QUEUE>/messages
    body:
      encoding: UTF-8
      string: '{"messages":[{"body":"{\"type\":\"bot.record\",\"bot_name\":\"turbot-bot\",\"snapshot_id\":1,\"data\":{\"uprn\":\"20033220\",\"uri\":\"https://alpha.openaddressesuk.org/addresses/0\",\"provenance\":{\"activity\":{\"executed_at\":\"2015-01-30T17:57:51+00:00\",\"processing_scripts\":\"https://github.com/OpenAddressesUK/sorting_office\",\"derived_from\":[{\"type\":\"userInput\",\"input\":\"10
        Downing Street, London, SW1A 2AA\",\"inputted_at\":\"2015-01-30T17:57:51+00:00\",\"processing_script\":\"https://github.com/OpenAddressesUK/sorting_office/tree/0fff78c71a170e2264faef7962e19f99a645c1d0/lib/sorting_office/address.rb\"},{\"type\":\"Source\",\"urls\":[\"http://alpha.openaddressesuk.org/postcodes/Uxm2vc\"],\"downloaded_at\":\"2015-01-30T17:57:51+00:00\",\"processing_script\":\"https://github.com/OpenAddressesUK/sorting_office/tree/0fff78c71a170e2264faef7962e19f99a645c1d0/lib/models/postcode.rb\"},{\"type\":\"Source\",\"urls\":[\"http://alpha.openaddressesuk.org/towns/qyHZe2\"],\"downloaded_at\":\"2015-01-30T17:57:51+00:00\",\"processing_script\":\"https://github.com/OpenAddressesUK/sorting_office/tree/0fff78c71a170e2264faef7962e19f99a645c1d0/lib/models/town.rb\"},{\"type\":\"Source\",\"urls\":[\"http://alpha.openaddressesuk.org/streets/Gq5142\"],\"downloaded_at\":\"2015-01-30T17:57:51+00:00\",\"processing_script\":\"https://github.com/OpenAddressesUK/sorting_office/tree/0fff78c71a170e2264faef7962e19f99a645c1d0/lib/models/street.rb\"}]}}},\"data_type\":\"address\",\"identifying_fields\":null}"}]}'
    headers:
      Accept-Encoding:
      - gzip;q=1.0,deflate;q=0.6,identity;q=0.3
      Accept:
      - "*/*"
      User-Agent:
      - iron_mq_ruby-5.0.1 (iron_core_ruby-1.0.5)
      Authorization:
      - OAuth <IRON_MQ_TOKEN>
      Content-Type:
      - application/json
      Connection:
      - keep-alive
      Keep-Alive:
      - 30
  response:
    status:
      code: 200
      message: OK
    headers:
      Access-Control-Allow-Origin:
      - "*"
      Content-Length:
      - '62'
      Content-Type:
      - application/json
      Date:
      - Tue, 12 May 2015 15:39:01 GMT
    body:
      encoding: UTF-8
      string: '{"ids":["6148010066788688976"],"msg":"Messages put on queue."}'
    http_version: 
  recorded_at: Tue, 12 May 2015 15:39:01 GMT
- request:
    method: post
    uri: https://mq-aws-eu-west-1.iron.io/1/projects/<IRON_MQ_PROJECT_ID>/queues/<IRON_MQ_QUEUE>/messages
    body:
      encoding: UTF-8
      string: '{"messages":[{"body":"{\"type\":\"bot.record\",\"bot_name\":\"turbot-bot\",\"snapshot_id\":1,\"data\":{\"uprn\":\"20033221\",\"uri\":\"https://alpha.openaddressesuk.org/addresses/1\",\"provenance\":{\"activity\":{\"executed_at\":\"2015-01-30T17:57:51+00:00\",\"processing_scripts\":\"https://github.com/OpenAddressesUK/sorting_office\",\"derived_from\":[{\"type\":\"userInput\",\"input\":\"10
        Downing Street, London, SW1A 2AA\",\"inputted_at\":\"2015-01-30T17:57:51+00:00\",\"processing_script\":\"https://github.com/OpenAddressesUK/sorting_office/tree/0fff78c71a170e2264faef7962e19f99a645c1d0/lib/sorting_office/address.rb\"},{\"type\":\"Source\",\"urls\":[\"http://alpha.openaddressesuk.org/postcodes/Uxm2vc\"],\"downloaded_at\":\"2015-01-30T17:57:51+00:00\",\"processing_script\":\"https://github.com/OpenAddressesUK/sorting_office/tree/0fff78c71a170e2264faef7962e19f99a645c1d0/lib/models/postcode.rb\"},{\"type\":\"Source\",\"urls\":[\"http://alpha.openaddressesuk.org/towns/qyHZe2\"],\"downloaded_at\":\"2015-01-30T17:57:51+00:00\",\"processing_script\":\"https://github.com/OpenAddressesUK/sorting_office/tree/0fff78c71a170e2264faef7962e19f99a645c1d0/lib/models/town.rb\"},{\"type\":\"Source\",\"urls\":[\"http://alpha.openaddressesuk.org/streets/Gq5142\"],\"downloaded_at\":\"2015-01-30T17:57:51+00:00\",\"processing_script\":\"https://github.com/OpenAddressesUK/sorting_office/tree/0fff78c71a170e2264faef7962e19f99a645c1d0/lib/models/street.rb\"}]}}},\"data_type\":\"address\",\"identifying_fields\":null}"}]}'
    headers:
      Accept-Encoding:
      - gzip;q=1.0,deflate;q=0.6,identity;q=0.3
      Accept:
      - "*/*"
      User-Agent:
      - iron_mq_ruby-5.0.1 (iron_core_ruby-1.0.5)
      Authorization:
      - OAuth <IRON_MQ_TOKEN>
      Content-Type:
      - application/json
      Connection:
      - keep-alive
      Keep-Alive:
      - 30
  response:
    status:
      code: 200
      message: OK
    headers:
      Access-Control-Allow-Origin:
      - "*"
      Content-Length:
      - '62'
      Content-Type:
      - application/json
      Date:
      - Tue, 12 May 2015 15:39:04 GMT
    body:
      encoding: UTF-8
      string: '{"ids":["6148010079673590925"],"msg":"Messages put on queue."}'
    http_version: 
  recorded_at: Tue, 12 May 2015 15:39:04 GMT
- request:
    method: post
    uri: https://mq-aws-eu-west-1.iron.io/1/projects/<IRON_MQ_PROJECT_ID>/queues/<IRON_MQ_QUEUE>/messages
    body:
      encoding: UTF-8
      string: '{"messages":[{"body":"{\"type\":\"bot.record\",\"bot_name\":\"turbot-bot\",\"snapshot_id\":1,\"data\":{\"uprn\":\"20033222\",\"uri\":\"https://alpha.openaddressesuk.org/addresses/2\",\"provenance\":{\"activity\":{\"executed_at\":\"2015-01-30T17:57:51+00:00\",\"processing_scripts\":\"https://github.com/OpenAddressesUK/sorting_office\",\"derived_from\":[{\"type\":\"userInput\",\"input\":\"10
        Downing Street, London, SW1A 2AA\",\"inputted_at\":\"2015-01-30T17:57:51+00:00\",\"processing_script\":\"https://github.com/OpenAddressesUK/sorting_office/tree/0fff78c71a170e2264faef7962e19f99a645c1d0/lib/sorting_office/address.rb\"},{\"type\":\"Source\",\"urls\":[\"http://alpha.openaddressesuk.org/postcodes/Uxm2vc\"],\"downloaded_at\":\"2015-01-30T17:57:51+00:00\",\"processing_script\":\"https://github.com/OpenAddressesUK/sorting_office/tree/0fff78c71a170e2264faef7962e19f99a645c1d0/lib/models/postcode.rb\"},{\"type\":\"Source\",\"urls\":[\"http://alpha.openaddressesuk.org/towns/qyHZe2\"],\"downloaded_at\":\"2015-01-30T17:57:51+00:00\",\"processing_script\":\"https://github.com/OpenAddressesUK/sorting_office/tree/0fff78c71a170e2264faef7962e19f99a645c1d0/lib/models/town.rb\"},{\"type\":\"Source\",\"urls\":[\"http://alpha.openaddressesuk.org/streets/Gq5142\"],\"downloaded_at\":\"2015-01-30T17:57:51+00:00\",\"processing_script\":\"https://github.com/OpenAddressesUK/sorting_office/tree/0fff78c71a170e2264faef7962e19f99a645c1d0/lib/models/street.rb\"}]}}},\"data_type\":\"address\",\"identifying_fields\":null}"}]}'
    headers:
      Accept-Encoding:
      - gzip;q=1.0,deflate;q=0.6,identity;q=0.3
      Accept:
      - "*/*"
      User-Agent:
      - iron_mq_ruby-5.0.1 (iron_core_ruby-1.0.5)
      Authorization:
      - OAuth <IRON_MQ_TOKEN>
      Content-Type:
      - application/json
      Connection:
      - keep-alive
      Keep-Alive:
      - 30
  response:
    status:
      code: 200
      message: OK
    headers:
      Access-Control-Allow-Origin:
      - "*"
      Content-Length:
      - '62'
      Content-Type:
      - application/json
      Date:
      - Tue, 12 May 2015 15:39:09 GMT
    body:
      encoding: UTF-8
      string: '{"ids":["6148010101148427505"],"msg":"Messages put on queue."}'
    http_version: 
  recorded_at: Tue, 12 May 2015 15:39:09 GMT
- request:
    method: post
    uri: https://mq-aws-eu-west-1.iron.io/1/projects/<IRON_MQ_PROJECT_ID>/queues/<IRON_MQ_QUEUE>/messages
    body:
      encoding: UTF-8
      string: '{"messages":[{"body":"{\"type\":\"bot.record\",\"bot_name\":\"turbot-bot\",\"snapshot_id\":1,\"data\":{\"uprn\":\"20033223\",\"uri\":\"https://alpha.openaddressesuk.org/addresses/3\",\"provenance\":{\"activity\":{\"executed_at\":\"2015-01-30T17:57:51+00:00\",\"processing_scripts\":\"https://github.com/OpenAddressesUK/sorting_office\",\"derived_from\":[{\"type\":\"userInput\",\"input\":\"10
        Downing Street, London, SW1A 2AA\",\"inputted_at\":\"2015-01-30T17:57:51+00:00\",\"processing_script\":\"https://github.com/OpenAddressesUK/sorting_office/tree/0fff78c71a170e2264faef7962e19f99a645c1d0/lib/sorting_office/address.rb\"},{\"type\":\"Source\",\"urls\":[\"http://alpha.openaddressesuk.org/postcodes/Uxm2vc\"],\"downloaded_at\":\"2015-01-30T17:57:51+00:00\",\"processing_script\":\"https://github.com/OpenAddressesUK/sorting_office/tree/0fff78c71a170e2264faef7962e19f99a645c1d0/lib/models/postcode.rb\"},{\"type\":\"Source\",\"urls\":[\"http://alpha.openaddressesuk.org/towns/qyHZe2\"],\"downloaded_at\":\"2015-01-30T17:57:51+00:00\",\"processing_script\":\"https://github.com/OpenAddressesUK/sorting_office/tree/0fff78c71a170e2264faef7962e19f99a645c1d0/lib/models/town.rb\"},{\"type\":\"Source\",\"urls\":[\"http://alpha.openaddressesuk.org/streets/Gq5142\"],\"downloaded_at\":\"2015-01-30T17:57:51+00:00\",\"processing_script\":\"https://github.com/OpenAddressesUK/sorting_office/tree/0fff78c71a170e2264faef7962e19f99a645c1d0/lib/models/street.rb\"}]}}},\"data_type\":\"address\",\"identifying_fields\":null}"}]}'
    headers:
      Accept-Encoding:
      - gzip;q=1.0,deflate;q=0.6,identity;q=0.3
      Accept:
      - "*/*"
      User-Agent:
      - iron_mq_ruby-5.0.1 (iron_core_ruby-1.0.5)
      Authorization:
      - OAuth <IRON_MQ_TOKEN>
      Content-Type:
      - application/json
      Connection:
      - keep-alive
      Keep-Alive:
      - 30
  response:
    status:
      code: 200
      message: OK
    headers:
      Access-Control-Allow-Origin:
      - "*"
      Content-Length:
      - '62'
      Content-Type:
      - application/json
      Date:
      - Tue, 12 May 2015 15:39:11 GMT
    body:
      encoding: UTF-8
      string: '{"ids":["6148010109738362146"],"msg":"Messages put on queue."}'
    http_version: 
  recorded_at: Tue, 12 May 2015 15:39:11 GMT
- request:
    method: post
    uri: https://mq-aws-eu-west-1.iron.io/1/projects/<IRON_MQ_PROJECT_ID>/queues/<IRON_MQ_QUEUE>/messages
    body:
      encoding: UTF-8
      string: '{"messages":[{"body":"{\"type\":\"bot.record\",\"bot_name\":\"turbot-bot\",\"snapshot_id\":1,\"data\":{\"uprn\":\"20033224\",\"uri\":\"https://alpha.openaddressesuk.org/addresses/4\",\"provenance\":{\"activity\":{\"executed_at\":\"2015-01-30T17:57:51+00:00\",\"processing_scripts\":\"https://github.com/OpenAddressesUK/sorting_office\",\"derived_from\":[{\"type\":\"userInput\",\"input\":\"10
        Downing Street, London, SW1A 2AA\",\"inputted_at\":\"2015-01-30T17:57:51+00:00\",\"processing_script\":\"https://github.com/OpenAddressesUK/sorting_office/tree/0fff78c71a170e2264faef7962e19f99a645c1d0/lib/sorting_office/address.rb\"},{\"type\":\"Source\",\"urls\":[\"http://alpha.openaddressesuk.org/postcodes/Uxm2vc\"],\"downloaded_at\":\"2015-01-30T17:57:51+00:00\",\"processing_script\":\"https://github.com/OpenAddressesUK/sorting_office/tree/0fff78c71a170e2264faef7962e19f99a645c1d0/lib/models/postcode.rb\"},{\"type\":\"Source\",\"urls\":[\"http://alpha.openaddressesuk.org/towns/qyHZe2\"],\"downloaded_at\":\"2015-01-30T17:57:51+00:00\",\"processing_script\":\"https://github.com/OpenAddressesUK/sorting_office/tree/0fff78c71a170e2264faef7962e19f99a645c1d0/lib/models/town.rb\"},{\"type\":\"Source\",\"urls\":[\"http://alpha.openaddressesuk.org/streets/Gq5142\"],\"downloaded_at\":\"2015-01-30T17:57:51+00:00\",\"processing_script\":\"https://github.com/OpenAddressesUK/sorting_office/tree/0fff78c71a170e2264faef7962e19f99a645c1d0/lib/models/street.rb\"}]}}},\"data_type\":\"address\",\"identifying_fields\":null}"}]}'
    headers:
      Accept-Encoding:
      - gzip;q=1.0,deflate;q=0.6,identity;q=0.3
      Accept:
      - "*/*"
      User-Agent:
      - iron_mq_ruby-5.0.1 (iron_core_ruby-1.0.5)
      Authorization:
      - OAuth <IRON_MQ_TOKEN>
      Content-Type:
      - application/json
      Connection:
      - keep-alive
      Keep-Alive:
      - 30
  response:
    status:
      code: 200
      message: OK
    headers:
      Access-Control-Allow-Origin:
      - "*"
      Content-Length:
      - '62'
      Content-Type:
      - application/json
      Date:
      - Tue, 12 May 2015 15:39:13 GMT
    body:
      encoding: UTF-8
      string: '{"ids":["6148010118328296751"],"msg":"Messages put on queue."}'
    http_version: 
  recorded_at: Tue, 12 May 2015 15:39:13 GMT
- request:
    method: post
    uri: https://mq-aws-eu-west-1.iron.io/1/projects/<IRON_MQ_PROJECT_ID>/queues/<IRON_MQ_QUEUE>/messages
    body:
      encoding: UTF-8
      string: '{"messages":[{"body":"{\"type\":\"bot.record\",\"bot_name\":\"turbot-bot\",\"snapshot_id\":1,\"data\":{\"uprn\":\"20033225\",\"uri\":\"https://alpha.openaddressesuk.org/addresses/5\",\"provenance\":{\"activity\":{\"executed_at\":\"2015-01-30T17:57:51+00:00\",\"processing_scripts\":\"https://github.com/OpenAddressesUK/sorting_office\",\"derived_from\":[{\"type\":\"userInput\",\"input\":\"10
        Downing Street, London, SW1A 2AA\",\"inputted_at\":\"2015-01-30T17:57:51+00:00\",\"processing_script\":\"https://github.com/OpenAddressesUK/sorting_office/tree/0fff78c71a170e2264faef7962e19f99a645c1d0/lib/sorting_office/address.rb\"},{\"type\":\"Source\",\"urls\":[\"http://alpha.openaddressesuk.org/postcodes/Uxm2vc\"],\"downloaded_at\":\"2015-01-30T17:57:51+00:00\",\"processing_script\":\"https://github.com/OpenAddressesUK/sorting_office/tree/0fff78c71a170e2264faef7962e19f99a645c1d0/lib/models/postcode.rb\"},{\"type\":\"Source\",\"urls\":[\"http://alpha.openaddressesuk.org/towns/qyHZe2\"],\"downloaded_at\":\"2015-01-30T17:57:51+00:00\",\"processing_script\":\"https://github.com/OpenAddressesUK/sorting_office/tree/0fff78c71a170e2264faef7962e19f99a645c1d0/lib/models/town.rb\"},{\"type\":\"Source\",\"urls\":[\"http://alpha.openaddressesuk.org/streets/Gq5142\"],\"downloaded_at\":\"2015-01-30T17:57:51+00:00\",\"processing_script\":\"https://github.com/OpenAddressesUK/sorting_office/tree/0fff78c71a170e2264faef7962e19f99a645c1d0/lib/models/street.rb\"}]}}},\"data_type\":\"address\",\"identifying_fields\":null}"}]}'
    headers:
      Accept-Encoding:
      - gzip;q=1.0,deflate;q=0.6,identity;q=0.3
      Accept:
      - "*/*"
      User-Agent:
      - iron_mq_ruby-5.0.1 (iron_core_ruby-1.0.5)
      Authorization:
      - OAuth <IRON_MQ_TOKEN>
      Content-Type:
      - application/json
      Connection:
      - keep-alive
      Keep-Alive:
      - 30
  response:
    status:
      code: 200
      message: OK
    headers:
      Access-Control-Allow-Origin:
      - "*"
      Content-Length:
      - '62'
      Content-Type:
      - application/json
      Date:
      - Tue, 12 May 2015 15:39:14 GMT
    body:
      encoding: UTF-8
      string: '{"ids":["6148010122623198602"],"msg":"Messages put on queue."}'
    http_version: 
  recorded_at: Tue, 12 May 2015 15:39:14 GMT
- request:
    method: post
    uri: https://mq-aws-eu-west-1.iron.io/1/projects/<IRON_MQ_PROJECT_ID>/queues/<IRON_MQ_QUEUE>/messages
    body:
      encoding: UTF-8
      string: '{"messages":[{"body":"{\"type\":\"bot.record\",\"bot_name\":\"turbot-bot\",\"snapshot_id\":1,\"data\":{\"uprn\":\"20033226\",\"uri\":\"https://alpha.openaddressesuk.org/addresses/6\",\"provenance\":{\"activity\":{\"executed_at\":\"2015-01-30T17:57:51+00:00\",\"processing_scripts\":\"https://github.com/OpenAddressesUK/sorting_office\",\"derived_from\":[{\"type\":\"userInput\",\"input\":\"10
        Downing Street, London, SW1A 2AA\",\"inputted_at\":\"2015-01-30T17:57:51+00:00\",\"processing_script\":\"https://github.com/OpenAddressesUK/sorting_office/tree/0fff78c71a170e2264faef7962e19f99a645c1d0/lib/sorting_office/address.rb\"},{\"type\":\"Source\",\"urls\":[\"http://alpha.openaddressesuk.org/postcodes/Uxm2vc\"],\"downloaded_at\":\"2015-01-30T17:57:51+00:00\",\"processing_script\":\"https://github.com/OpenAddressesUK/sorting_office/tree/0fff78c71a170e2264faef7962e19f99a645c1d0/lib/models/postcode.rb\"},{\"type\":\"Source\",\"urls\":[\"http://alpha.openaddressesuk.org/towns/qyHZe2\"],\"downloaded_at\":\"2015-01-30T17:57:51+00:00\",\"processing_script\":\"https://github.com/OpenAddressesUK/sorting_office/tree/0fff78c71a170e2264faef7962e19f99a645c1d0/lib/models/town.rb\"},{\"type\":\"Source\",\"urls\":[\"http://alpha.openaddressesuk.org/streets/Gq5142\"],\"downloaded_at\":\"2015-01-30T17:57:51+00:00\",\"processing_script\":\"https://github.com/OpenAddressesUK/sorting_office/tree/0fff78c71a170e2264faef7962e19f99a645c1d0/lib/models/street.rb\"}]}}},\"data_type\":\"address\",\"identifying_fields\":null}"}]}'
    headers:
      Accept-Encoding:
      - gzip;q=1.0,deflate;q=0.6,identity;q=0.3
      Accept:
      - "*/*"
      User-Agent:
      - iron_mq_ruby-5.0.1 (iron_core_ruby-1.0.5)
      Authorization:
      - OAuth <IRON_MQ_TOKEN>
      Content-Type:
      - application/json
      Connection:
      - keep-alive
      Keep-Alive:
      - 30
  response:
    status:
      code: 200
      message: OK
    headers:
      Access-Control-Allow-Origin:
      - "*"
      Content-Length:
      - '62'
      Content-Type:
      - application/json
      Date:
      - Tue, 12 May 2015 15:39:16 GMT
    body:
      encoding: UTF-8
      string: '{"ids":["6148010131213133222"],"msg":"Messages put on queue."}'
    http_version: 
  recorded_at: Tue, 12 May 2015 15:39:16 GMT
- request:
    method: post
    uri: https://mq-aws-eu-west-1.iron.io/1/projects/<IRON_MQ_PROJECT_ID>/queues/<IRON_MQ_QUEUE>/messages
    body:
      encoding: UTF-8
      string: '{"messages":[{"body":"{\"type\":\"bot.record\",\"bot_name\":\"turbot-bot\",\"snapshot_id\":1,\"data\":{\"uprn\":\"20033227\",\"uri\":\"https://alpha.openaddressesuk.org/addresses/7\",\"provenance\":{\"activity\":{\"executed_at\":\"2015-01-30T17:57:51+00:00\",\"processing_scripts\":\"https://github.com/OpenAddressesUK/sorting_office\",\"derived_from\":[{\"type\":\"userInput\",\"input\":\"10
        Downing Street, London, SW1A 2AA\",\"inputted_at\":\"2015-01-30T17:57:51+00:00\",\"processing_script\":\"https://github.com/OpenAddressesUK/sorting_office/tree/0fff78c71a170e2264faef7962e19f99a645c1d0/lib/sorting_office/address.rb\"},{\"type\":\"Source\",\"urls\":[\"http://alpha.openaddressesuk.org/postcodes/Uxm2vc\"],\"downloaded_at\":\"2015-01-30T17:57:51+00:00\",\"processing_script\":\"https://github.com/OpenAddressesUK/sorting_office/tree/0fff78c71a170e2264faef7962e19f99a645c1d0/lib/models/postcode.rb\"},{\"type\":\"Source\",\"urls\":[\"http://alpha.openaddressesuk.org/towns/qyHZe2\"],\"downloaded_at\":\"2015-01-30T17:57:51+00:00\",\"processing_script\":\"https://github.com/OpenAddressesUK/sorting_office/tree/0fff78c71a170e2264faef7962e19f99a645c1d0/lib/models/town.rb\"},{\"type\":\"Source\",\"urls\":[\"http://alpha.openaddressesuk.org/streets/Gq5142\"],\"downloaded_at\":\"2015-01-30T17:57:51+00:00\",\"processing_script\":\"https://github.com/OpenAddressesUK/sorting_office/tree/0fff78c71a170e2264faef7962e19f99a645c1d0/lib/models/street.rb\"}]}}},\"data_type\":\"address\",\"identifying_fields\":null}"}]}'
    headers:
      Accept-Encoding:
      - gzip;q=1.0,deflate;q=0.6,identity;q=0.3
      Accept:
      - "*/*"
      User-Agent:
      - iron_mq_ruby-5.0.1 (iron_core_ruby-1.0.5)
      Authorization:
      - OAuth <IRON_MQ_TOKEN>
      Content-Type:
      - application/json
      Connection:
      - keep-alive
      Keep-Alive:
      - 30
  response:
    status:
      code: 200
      message: OK
    headers:
      Access-Control-Allow-Origin:
      - "*"
      Content-Length:
      - '62'
      Content-Type:
      - application/json
      Date:
      - Tue, 12 May 2015 15:39:17 GMT
    body:
      encoding: UTF-8
      string: '{"ids":["6148010135508165998"],"msg":"Messages put on queue."}'
    http_version: 
  recorded_at: Tue, 12 May 2015 15:39:17 GMT
- request:
    method: post
    uri: https://mq-aws-eu-west-1.iron.io/1/projects/<IRON_MQ_PROJECT_ID>/queues/<IRON_MQ_QUEUE>/messages
    body:
      encoding: UTF-8
      string: '{"messages":[{"body":"{\"type\":\"bot.record\",\"bot_name\":\"turbot-bot\",\"snapshot_id\":1,\"data\":{\"uprn\":\"20033228\",\"uri\":\"https://alpha.openaddressesuk.org/addresses/8\",\"provenance\":{\"activity\":{\"executed_at\":\"2015-01-30T17:57:51+00:00\",\"processing_scripts\":\"https://github.com/OpenAddressesUK/sorting_office\",\"derived_from\":[{\"type\":\"userInput\",\"input\":\"10
        Downing Street, London, SW1A 2AA\",\"inputted_at\":\"2015-01-30T17:57:51+00:00\",\"processing_script\":\"https://github.com/OpenAddressesUK/sorting_office/tree/0fff78c71a170e2264faef7962e19f99a645c1d0/lib/sorting_office/address.rb\"},{\"type\":\"Source\",\"urls\":[\"http://alpha.openaddressesuk.org/postcodes/Uxm2vc\"],\"downloaded_at\":\"2015-01-30T17:57:51+00:00\",\"processing_script\":\"https://github.com/OpenAddressesUK/sorting_office/tree/0fff78c71a170e2264faef7962e19f99a645c1d0/lib/models/postcode.rb\"},{\"type\":\"Source\",\"urls\":[\"http://alpha.openaddressesuk.org/towns/qyHZe2\"],\"downloaded_at\":\"2015-01-30T17:57:51+00:00\",\"processing_script\":\"https://github.com/OpenAddressesUK/sorting_office/tree/0fff78c71a170e2264faef7962e19f99a645c1d0/lib/models/town.rb\"},{\"type\":\"Source\",\"urls\":[\"http://alpha.openaddressesuk.org/streets/Gq5142\"],\"downloaded_at\":\"2015-01-30T17:57:51+00:00\",\"processing_script\":\"https://github.com/OpenAddressesUK/sorting_office/tree/0fff78c71a170e2264faef7962e19f99a645c1d0/lib/models/street.rb\"}]}}},\"data_type\":\"address\",\"identifying_fields\":null}"}]}'
    headers:
      Accept-Encoding:
      - gzip;q=1.0,deflate;q=0.6,identity;q=0.3
      Accept:
      - "*/*"
      User-Agent:
      - iron_mq_ruby-5.0.1 (iron_core_ruby-1.0.5)
      Authorization:
      - OAuth <IRON_MQ_TOKEN>
      Content-Type:
      - application/json
      Connection:
      - keep-alive
      Keep-Alive:
      - 30
  response:
    status:
      code: 200
      message: OK
    headers:
      Access-Control-Allow-Origin:
      - "*"
      Content-Length:
      - '62'
      Content-Type:
      - application/json
      Date:
      - Tue, 12 May 2015 15:39:17 GMT
    body:
      encoding: UTF-8
      string: '{"ids":["6148010135508166009"],"msg":"Messages put on queue."}'
    http_version: 
  recorded_at: Tue, 12 May 2015 15:39:18 GMT
- request:
    method: post
    uri: https://mq-aws-eu-west-1.iron.io/1/projects/<IRON_MQ_PROJECT_ID>/queues/<IRON_MQ_QUEUE>/messages
    body:
      encoding: UTF-8
      string: '{"messages":[{"body":"{\"type\":\"bot.record\",\"bot_name\":\"turbot-bot\",\"snapshot_id\":1,\"data\":{\"uprn\":\"20033229\",\"uri\":\"https://alpha.openaddressesuk.org/addresses/9\",\"provenance\":{\"activity\":{\"executed_at\":\"2015-01-30T17:57:51+00:00\",\"processing_scripts\":\"https://github.com/OpenAddressesUK/sorting_office\",\"derived_from\":[{\"type\":\"userInput\",\"input\":\"10
        Downing Street, London, SW1A 2AA\",\"inputted_at\":\"2015-01-30T17:57:51+00:00\",\"processing_script\":\"https://github.com/OpenAddressesUK/sorting_office/tree/0fff78c71a170e2264faef7962e19f99a645c1d0/lib/sorting_office/address.rb\"},{\"type\":\"Source\",\"urls\":[\"http://alpha.openaddressesuk.org/postcodes/Uxm2vc\"],\"downloaded_at\":\"2015-01-30T17:57:51+00:00\",\"processing_script\":\"https://github.com/OpenAddressesUK/sorting_office/tree/0fff78c71a170e2264faef7962e19f99a645c1d0/lib/models/postcode.rb\"},{\"type\":\"Source\",\"urls\":[\"http://alpha.openaddressesuk.org/towns/qyHZe2\"],\"downloaded_at\":\"2015-01-30T17:57:51+00:00\",\"processing_script\":\"https://github.com/OpenAddressesUK/sorting_office/tree/0fff78c71a170e2264faef7962e19f99a645c1d0/lib/models/town.rb\"},{\"type\":\"Source\",\"urls\":[\"http://alpha.openaddressesuk.org/streets/Gq5142\"],\"downloaded_at\":\"2015-01-30T17:57:51+00:00\",\"processing_script\":\"https://github.com/OpenAddressesUK/sorting_office/tree/0fff78c71a170e2264faef7962e19f99a645c1d0/lib/models/street.rb\"}]}}},\"data_type\":\"address\",\"identifying_fields\":null}"}]}'
    headers:
      Accept-Encoding:
      - gzip;q=1.0,deflate;q=0.6,identity;q=0.3
      Accept:
      - "*/*"
      User-Agent:
      - iron_mq_ruby-5.0.1 (iron_core_ruby-1.0.5)
      Authorization:
      - OAuth <IRON_MQ_TOKEN>
      Content-Type:
      - application/json
      Connection:
      - keep-alive
      Keep-Alive:
      - 30
  response:
    status:
      code: 200
      message: OK
    headers:
      Access-Control-Allow-Origin:
      - "*"
      Content-Length:
      - '62'
      Content-Type:
      - application/json
      Date:
      - Tue, 12 May 2015 15:39:20 GMT
    body:
      encoding: UTF-8
      string: '{"ids":["6148010148393002467"],"msg":"Messages put on queue."}'
    http_version: 
  recorded_at: Tue, 12 May 2015 15:39:20 GMT
recorded_with: VCR 2.9.3
